
> site-creator-vinext-starter@0.1.0 build
> node scripts/run-framework.mjs build


  vinext build  (Vite 8.0.13)

(node:92354) [DEP0040] DeprecationWarning: The `punycode` module is deprecated. Please use a userland alternative instead.
(Use `node --trace-deprecation ...` to show where the warning was created)
[1/5] analyze client references...
[2Ktransforming...✓ 287 modules transformed.
rendering chunks...
✓ built in 1.78s
[2/5] analyze server references...
[2Ktransforming...✓ 313 modules transformed.
rendering chunks...
✓ built in 1.36s
[3/5] build rsc environment...
[2Ktransforming...✓ 284 modules transformed.
rendering chunks...
computing gzip size...
✓ built in 1.54s
[4/5] build client environment...
[2Ktransforming...✓ 2149 modules transformed.
rendering chunks...
computing gzip size...
[plugin builtin:vite-reporter]
(!) Some chunks are larger than 500 kB after minification. Consider:
- Using dynamic import() to code-split the application
- Use build.rolldownOptions.output.codeSplitting to improve chunking: https://rolldown.rs/reference/OutputOptions.codeSplitting
- Adjust chunk size limit for this warning via build.chunkSizeWarningLimit.
[33m[PLUGIN_TIMINGS] [0mYour build spent significant time in plugins. Here is a breakdown:
  - vinext:middleware-server-only (39%)
  - rsc:virtual-client-package (11%)
  - vinext:css-data-url (10%)
  - alias (9%)
  - vinext:jsx-in-js (8%)
See https://rolldown.rs/options/checks#plugintimings for more details.

✓ built in 3.44s
[5/5] build ssr environment...
[2Ktransforming...✓ 318 modules transformed.
rendering chunks...
computing gzip size...
✓ built in 1.72s
[0m
  Route (app)
  ┌ ? /
  ├ ƒ /account
  ├ ? /admin
  ├ ƒ /analytics
  ├ λ /api/account
  ├ λ /api/actions
  ├ λ /api/backup
  ├ λ /api/catalog
  ├ λ /api/catalog-availability
  ├ λ /api/import
  ├ λ /api/internal/catalog-refresh
  ├ λ /api/operations
  ├ λ /api/order-documents
  ├ λ /api/passport
  ├ ? /balance
  ├ ? /batch-import
  ├ ? /cart
  ├ ? /customs
  ├ ? /declaration
  ├ ? /favorites
  ├ ? /identity
  ├ ƒ /legal
  ├ ? /notifications
  ├ ? /operations
  ├ ? /order-by-link
  └ ? /orders

  λ API  ƒ Dynamic  ? Unknown

  ? Some routes could not be classified. vinext currently uses static analysis
    and cannot detect dynamic API usage (headers(), cookies(), etc.) at build time.
    Automatic classification will be improved in a future release.

  Build complete. Run `vinext start` to start the production server.
