
> site-creator-vinext-starter@0.1.0 start /app
> node --import ./scripts/sites-env.mjs ./node_modules/wrangler/bin/wrangler.js dev --config dist/server/wrangler.json --local --persist-to .wrangler/state --ip 127.0.0.1 --inspector-port 0


 ⛅️ wrangler 4.92.0
───────────────────
Your Worker has access to the following bindings:
Binding                           Resource         Mode
env.DB (site-creator-d1)          D1 Database      local
env.BUCKET (site-creator-r2)      R2 Bucket        local

Attaching additional modules:
┌───────────────────────────────────────────────────────────────────────────────────────────────────────────────────────────────┬──────┬─────────────┐
│ Name                                                                                                                          │ Type │ Size        │
├───────────────────────────────────────────────────────────────────────────────────────────────────────────────────────────────┼──────┼─────────────┤
│ __vite_rsc_assets_manifest.js                                                                                                 │ esm  │ 3.13 KiB    │
├───────────────────────────────────────────────────────────────────────────────────────────────────────────────────────────────┼──────┼─────────────┤
│ _next/static/actions-CLvacMIC.js                                                                                              │ esm  │ 8.57 KiB    │
├───────────────────────────────────────────────────────────────────────────────────────────────────────────────────────────────┼──────┼─────────────┤
│ _next/static/app-page-cache-finalizer-C2-wZh1w.js                                                                             │ esm  │ 3.40 KiB    │
├───────────────────────────────────────────────────────────────────────────────────────────────────────────────────────────────┼──────┼─────────────┤
│ _next/static/app-page-cache-mmcx2Zhv.js                                                                                       │ esm  │ 5.07 KiB    │
├───────────────────────────────────────────────────────────────────────────────────────────────────────────────────────────────┼──────┼─────────────┤
│ _next/static/app-page-cache-render-CrhniFPu.js                                                                                │ esm  │ 1.90 KiB    │
├───────────────────────────────────────────────────────────────────────────────────────────────────────────────────────────────┼──────┼─────────────┤
│ _next/static/app-page-stream-BZWCKrfk.js                                                                                      │ esm  │ 9.73 KiB    │
├───────────────────────────────────────────────────────────────────────────────────────────────────────────────────────────────┼──────┼─────────────┤
│ _next/static/app-prerender-endpoints-2SmQCCbQ.js                                                                              │ esm  │ 1.96 KiB    │
├───────────────────────────────────────────────────────────────────────────────────────────────────────────────────────────────┼──────┼─────────────┤
│ _next/static/app-prerender-static-params-DvXNdgtR.js                                                                          │ esm  │ 0.17 KiB    │
├───────────────────────────────────────────────────────────────────────────────────────────────────────────────────────────────┼──────┼─────────────┤
│ _next/static/app-route-handler-dispatch-DUL8grSL.js                                                                           │ esm  │ 25.57 KiB   │
├───────────────────────────────────────────────────────────────────────────────────────────────────────────────────────────────┼──────┼─────────────┤
│ _next/static/app-segment-config-a0L_O4s_.js                                                                                   │ esm  │ 13.32 KiB   │
├───────────────────────────────────────────────────────────────────────────────────────────────────────────────────────────────┼──────┼─────────────┤
│ _next/static/app-static-generation-CC0DApjP.js                                                                                │ esm  │ 0.89 KiB    │
├───────────────────────────────────────────────────────────────────────────────────────────────────────────────────────────────┼──────┼─────────────┤
│ _next/static/cache-headers-BzpbdxKa.js                                                                                        │ esm  │ 38.38 KiB   │
├───────────────────────────────────────────────────────────────────────────────────────────────────────────────────────────────┼──────┼─────────────┤
│ _next/static/catalog-refresh-BTuheASV.js                                                                                      │ esm  │ 1.54 KiB    │
├───────────────────────────────────────────────────────────────────────────────────────────────────────────────────────────────┼──────┼─────────────┤
│ _next/static/catalog-server-DuFoiERC.js                                                                                       │ esm  │ 28.33 KiB   │
├───────────────────────────────────────────────────────────────────────────────────────────────────────────────────────────────┼──────┼─────────────┤
│ _next/static/extract-BZSoZXoo.js                                                                                              │ esm  │ 31.05 KiB   │
├───────────────────────────────────────────────────────────────────────────────────────────────────────────────────────────────┼──────┼─────────────┤
│ _next/static/fetch-B9CeRyZC.js                                                                                                │ esm  │ 22.05 KiB   │
├───────────────────────────────────────────────────────────────────────────────────────────────────────────────────────────────┼──────┼─────────────┤
│ _next/static/framework~index-B9P2dh4z.js                                                                                      │ esm  │ 0.24 KiB    │
├───────────────────────────────────────────────────────────────────────────────────────────────────────────────────────────────┼──────┼─────────────┤
│ _next/static/framework~index~page~page~page~page~page~page~page~page~page~page~layout~page~page~page~pag~gojjbw6q--yoNVldm.js │ esm  │ 55.29 KiB   │
├───────────────────────────────────────────────────────────────────────────────────────────────────────────────────────────────┼──────┼─────────────┤
│ _next/static/framework~index~page~page~page~page~page~page~page~page~page~page~layout~page~page~page~pag~k5hym9t5-4NdjthBq.js │ esm  │ 0.80 KiB    │
├───────────────────────────────────────────────────────────────────────────────────────────────────────────────────────────────┼──────┼─────────────┤
│ _next/static/framework~index~page~page~page~route~route~route~route~route~route~route~route~route~route~~oi7curph-Cxc5myRm.js │ esm  │ 5.37 KiB    │
├───────────────────────────────────────────────────────────────────────────────────────────────────────────────────────────────┼──────┼─────────────┤
│ _next/static/headers-BBgHuOI_.js                                                                                              │ esm  │ 4.85 KiB    │
├───────────────────────────────────────────────────────────────────────────────────────────────────────────────────────────────┼──────┼─────────────┤
│ _next/static/headers-j0QAsRga.js                                                                                              │ esm  │ 10.72 KiB   │
├───────────────────────────────────────────────────────────────────────────────────────────────────────────────────────────────┼──────┼─────────────┤
│ _next/static/implicit-tags-DWBnIc1_.js                                                                                        │ esm  │ 1.31 KiB    │
├───────────────────────────────────────────────────────────────────────────────────────────────────────────────────────────────┼──────┼─────────────┤
│ _next/static/isr-cache-NZNBZKbG.js                                                                                            │ esm  │ 4.81 KiB    │
├───────────────────────────────────────────────────────────────────────────────────────────────────────────────────────────────┼──────┼─────────────┤
│ _next/static/marketplace-CdRM3vbN.js                                                                                          │ esm  │ 0.17 KiB    │
├───────────────────────────────────────────────────────────────────────────────────────────────────────────────────────────────┼──────┼─────────────┤
│ _next/static/navigation-errors-C6U5i-7a.js                                                                                    │ esm  │ 1.22 KiB    │
├───────────────────────────────────────────────────────────────────────────────────────────────────────────────────────────────┼──────┼─────────────┤
│ _next/static/navigation-runtime-CqZzC1Id.js                                                                                   │ esm  │ 0.78 KiB    │
├───────────────────────────────────────────────────────────────────────────────────────────────────────────────────────────────┼──────┼─────────────┤
│ _next/static/navigation.react-server-lFEu62_8.js                                                                              │ esm  │ 0.26 KiB    │
├───────────────────────────────────────────────────────────────────────────────────────────────────────────────────────────────┼──────┼─────────────┤
│ _next/static/page-B7qn0JXn.js                                                                                                 │ esm  │ 0.25 KiB    │
├───────────────────────────────────────────────────────────────────────────────────────────────────────────────────────────────┼──────┼─────────────┤
│ _next/static/page-BMeTi3DG.js                                                                                                 │ esm  │ 0.28 KiB    │
├───────────────────────────────────────────────────────────────────────────────────────────────────────────────────────────────┼──────┼─────────────┤
│ _next/static/page-BoE3fpdc.js                                                                                                 │ esm  │ 0.28 KiB    │
├───────────────────────────────────────────────────────────────────────────────────────────────────────────────────────────────┼──────┼─────────────┤
│ _next/static/page-BvNTD1-G.js                                                                                                 │ esm  │ 0.25 KiB    │
├───────────────────────────────────────────────────────────────────────────────────────────────────────────────────────────────┼──────┼─────────────┤
│ _next/static/page-CBDCvCXF2.js                                                                                                │ esm  │ 0.26 KiB    │
├───────────────────────────────────────────────────────────────────────────────────────────────────────────────────────────────┼──────┼─────────────┤
│ _next/static/page-CL1VEEWm.js                                                                                                 │ esm  │ 0.25 KiB    │
├───────────────────────────────────────────────────────────────────────────────────────────────────────────────────────────────┼──────┼─────────────┤
│ _next/static/page-Cb-iKEXS.js                                                                                                 │ esm  │ 0.25 KiB    │
├───────────────────────────────────────────────────────────────────────────────────────────────────────────────────────────────┼──────┼─────────────┤
│ _next/static/page-CiBI0mkq2.js                                                                                                │ esm  │ 0.25 KiB    │
├───────────────────────────────────────────────────────────────────────────────────────────────────────────────────────────────┼──────┼─────────────┤
│ _next/static/page-DBUjwOgA.js                                                                                                 │ esm  │ 0.25 KiB    │
├───────────────────────────────────────────────────────────────────────────────────────────────────────────────────────────────┼──────┼─────────────┤
│ _next/static/page-DWbQ50st.js                                                                                                 │ esm  │ 0.25 KiB    │
├───────────────────────────────────────────────────────────────────────────────────────────────────────────────────────────────┼──────┼─────────────┤
│ _next/static/page-DY54KnZk.js                                                                                                 │ esm  │ 0.25 KiB    │
├───────────────────────────────────────────────────────────────────────────────────────────────────────────────────────────────┼──────┼─────────────┤
│ _next/static/page-Da9bXOMQ.js                                                                                                 │ esm  │ 0.25 KiB    │
├───────────────────────────────────────────────────────────────────────────────────────────────────────────────────────────────┼──────┼─────────────┤
│ _next/static/page-JBflvjIC.js                                                                                                 │ esm  │ 0.25 KiB    │
├───────────────────────────────────────────────────────────────────────────────────────────────────────────────────────────────┼──────┼─────────────┤
│ _next/static/page-aLi35jt0.js                                                                                                 │ esm  │ 0.25 KiB    │
├───────────────────────────────────────────────────────────────────────────────────────────────────────────────────────────────┼──────┼─────────────┤
│ _next/static/page-mXqjetAG2.js                                                                                                │ esm  │ 0.28 KiB    │
├───────────────────────────────────────────────────────────────────────────────────────────────────────────────────────────────┼──────┼─────────────┤
│ _next/static/page-qGptoBtN.js                                                                                                 │ esm  │ 0.25 KiB    │
├───────────────────────────────────────────────────────────────────────────────────────────────────────────────────────────────┼──────┼─────────────┤
│ _next/static/record-Cz3MrZeO.js                                                                                               │ esm  │ 0.08 KiB    │
├───────────────────────────────────────────────────────────────────────────────────────────────────────────────────────────────┼──────┼─────────────┤
│ _next/static/redirect-digest-C-06pD9r.js                                                                                      │ esm  │ 0.37 KiB    │
├───────────────────────────────────────────────────────────────────────────────────────────────────────────────────────────────┼──────┼─────────────┤
│ _next/static/rolldown-runtime-DUnMT5BP.js                                                                                     │ esm  │ 0.68 KiB    │
├───────────────────────────────────────────────────────────────────────────────────────────────────────────────────────────────┼──────┼─────────────┤
│ _next/static/root-params-CarSBhWB.js                                                                                          │ esm  │ 1.21 KiB    │
├───────────────────────────────────────────────────────────────────────────────────────────────────────────────────────────────┼──────┼─────────────┤
│ _next/static/route-03ArL1gQ.js                                                                                                │ esm  │ 4.49 KiB    │
├───────────────────────────────────────────────────────────────────────────────────────────────────────────────────────────────┼──────┼─────────────┤
│ _next/static/route-0xDbCrQR.js                                                                                                │ esm  │ 1.81 KiB    │
├───────────────────────────────────────────────────────────────────────────────────────────────────────────────────────────────┼──────┼─────────────┤
│ _next/static/route-52zDLDuL.js                                                                                                │ esm  │ 1.29 KiB    │
├───────────────────────────────────────────────────────────────────────────────────────────────────────────────────────────────┼──────┼─────────────┤
│ _next/static/route-83GcMLTt.js                                                                                                │ esm  │ 1.08 KiB    │
├───────────────────────────────────────────────────────────────────────────────────────────────────────────────────────────────┼──────┼─────────────┤
│ _next/static/route-B41E2VO4.js                                                                                                │ esm  │ 3.53 KiB    │
├───────────────────────────────────────────────────────────────────────────────────────────────────────────────────────────────┼──────┼─────────────┤
│ _next/static/route-BQX6giOz.js                                                                                                │ esm  │ 0.34 KiB    │
├───────────────────────────────────────────────────────────────────────────────────────────────────────────────────────────────┼──────┼─────────────┤
│ _next/static/route-BqPsBA1d.js                                                                                                │ esm  │ 3.03 KiB    │
├───────────────────────────────────────────────────────────────────────────────────────────────────────────────────────────────┼──────┼─────────────┤
│ _next/static/route-CZCbD8Mp.js                                                                                                │ esm  │ 1.97 KiB    │
├───────────────────────────────────────────────────────────────────────────────────────────────────────────────────────────────┼──────┼─────────────┤
│ _next/static/route-CnRXKefF.js                                                                                                │ esm  │ 3.65 KiB    │
├───────────────────────────────────────────────────────────────────────────────────────────────────────────────────────────────┼──────┼─────────────┤
│ _next/static/route-DHkdPPok.js                                                                                                │ esm  │ 2.67 KiB    │
├───────────────────────────────────────────────────────────────────────────────────────────────────────────────────────────────┼──────┼─────────────┤
│ _next/static/rsc-WjPPRTK0.js                                                                                                  │ esm  │ 0.76 KiB    │
├───────────────────────────────────────────────────────────────────────────────────────────────────────────────────────────────┼──────┼─────────────┤
│ _next/static/server-DQ4x63aj.js                                                                                               │ esm  │ 113.07 KiB  │
├───────────────────────────────────────────────────────────────────────────────────────────────────────────────────────────────┼──────┼─────────────┤
│ _next/static/stores-B3St_0l8.js                                                                                               │ esm  │ 3.29 KiB    │
├───────────────────────────────────────────────────────────────────────────────────────────────────────────────────────────────┼──────┼─────────────┤
│ _next/static/text-stream-QwLspTuw.js                                                                                          │ esm  │ 18.99 KiB   │
├───────────────────────────────────────────────────────────────────────────────────────────────────────────────────────────────┼──────┼─────────────┤
│ ssr/__vite_rsc_assets_manifest.js                                                                                             │ esm  │ 3.13 KiB    │
├───────────────────────────────────────────────────────────────────────────────────────────────────────────────────────────────┼──────┼─────────────┤
│ ssr/_next/static/app-nav-failure-handler-DAAWxqCl.js                                                                          │ esm  │ 0.04 KiB    │
├───────────────────────────────────────────────────────────────────────────────────────────────────────────────────────────────┼──────┼─────────────┤
│ ssr/_next/static/app-prefetch-fetch-queue-yyyYaOxo.js                                                                         │ esm  │ 0.06 KiB    │
├───────────────────────────────────────────────────────────────────────────────────────────────────────────────────────────────┼──────┼─────────────┤
│ ssr/_next/static/app-router-scroll-CLsZUpXs.js                                                                                │ esm  │ 2.08 KiB    │
├───────────────────────────────────────────────────────────────────────────────────────────────────────────────────────────────┼──────┼─────────────┤
│ ssr/_next/static/app-router-scroll-state-BIeDxhwz.js                                                                          │ esm  │ 0.51 KiB    │
├───────────────────────────────────────────────────────────────────────────────────────────────────────────────────────────────┼──────┼─────────────┤
│ ssr/_next/static/error-boundary-mZpgaiHN.js                                                                                   │ esm  │ 5.31 KiB    │
├───────────────────────────────────────────────────────────────────────────────────────────────────────────────────────────────┼──────┼─────────────┤
│ ssr/_next/static/layout-segment-context-BnWr95UC.js                                                                           │ esm  │ 0.37 KiB    │
├───────────────────────────────────────────────────────────────────────────────────────────────────────────────────────────────┼──────┼─────────────┤
│ ssr/_next/static/marketplace-C9HKEvCe.js                                                                                      │ esm  │ 525.82 KiB  │
├───────────────────────────────────────────────────────────────────────────────────────────────────────────────────────────────┼──────┼─────────────┤
│ ssr/_next/static/static.edge-CxlUXAyA.js                                                                                      │ esm  │ 0.16 KiB    │
├───────────────────────────────────────────────────────────────────────────────────────────────────────────────────────────────┼──────┼─────────────┤
│ ssr/_next/static/store-esuktEKE.js                                                                                            │ esm  │ 130.71 KiB  │
├───────────────────────────────────────────────────────────────────────────────────────────────────────────────────────────────┼──────┼─────────────┤
│ ssr/_next/static/streamed-icons-BFnVLveU.js                                                                                   │ esm  │ 0.67 KiB    │
├───────────────────────────────────────────────────────────────────────────────────────────────────────────────────────────────┼──────┼─────────────┤
│ ssr/index.js                                                                                                                  │ esm  │ 271.94 KiB  │
├───────────────────────────────────────────────────────────────────────────────────────────────────────────────────────────────┼──────┼─────────────┤
│ ssr/vinext-client-assets.js                                                                                                   │ esm  │ 2.35 KiB    │
├───────────────────────────────────────────────────────────────────────────────────────────────────────────────────────────────┼──────┼─────────────┤
│ vinext-client-assets.js                                                                                                       │ esm  │ 2.35 KiB    │
├───────────────────────────────────────────────────────────────────────────────────────────────────────────────────────────────┼──────┼─────────────┤
│ Total (76 modules)                                                                                                            │      │ 1392.78 KiB │
└───────────────────────────────────────────────────────────────────────────────────────────────────────────────────────────────┴──────┴─────────────┘
⎔ Starting local server...
[wrangler:info] ✨ Parsed 1 valid header rule.
[wrangler:info] Ready on http://127.0.0.1:8789
