
> site-creator-vinext-starter@0.1.0 start
> node --import ./scripts/sites-env.mjs ./node_modules/wrangler/bin/wrangler.js dev --config dist/server/wrangler.json --local --persist-to .wrangler/state --ip 127.0.0.1 --inspector-port 0


 ⛅️ wrangler 4.92.0
───────────────────
Your Worker has access to the following bindings:
Binding                           Resource         Mode
env.DB (site-creator-d1)          D1 Database      local
env.BUCKET (site-creator-r2)      R2 Bucket        local

Attaching additional modules:
┌───────────────────────────────────────────────────────────────────────────────────────────────────────────────────────────────┬──────┬─────────────┐
│ Name                                                                                                                          │ Type │ Size        │
├───────────────────────────────────────────────────────────────────────────────────────────────────────────────────────────────┼──────┼─────────────┤
│ __vite_rsc_assets_manifest.js                                                                                                 │ esm  │ 3.13 KiB    │
├───────────────────────────────────────────────────────────────────────────────────────────────────────────────────────────────┼──────┼─────────────┤
│ _next/static/actions-CLvacMIC.js                                                                                              │ esm  │ 8.57 KiB    │
├───────────────────────────────────────────────────────────────────────────────────────────────────────────────────────────────┼──────┼─────────────┤
│ _next/static/app-page-cache-B7Uwh0ql.js                                                                                       │ esm  │ 5.07 KiB    │
├───────────────────────────────────────────────────────────────────────────────────────────────────────────────────────────────┼──────┼─────────────┤
│ _next/static/app-page-cache-finalizer-BKSVFepb.js                                                                             │ esm  │ 3.40 KiB    │
├───────────────────────────────────────────────────────────────────────────────────────────────────────────────────────────────┼──────┼─────────────┤
│ _next/static/app-page-cache-render-M11UnR9d.js                                                                                │ esm  │ 1.90 KiB    │
├───────────────────────────────────────────────────────────────────────────────────────────────────────────────────────────────┼──────┼─────────────┤
│ _next/static/app-page-stream-BELWLGkX.js                                                                                      │ esm  │ 9.73 KiB    │
├───────────────────────────────────────────────────────────────────────────────────────────────────────────────────────────────┼──────┼─────────────┤
│ _next/static/app-prerender-endpoints-2SmQCCbQ.js                                                                              │ esm  │ 1.96 KiB    │
├───────────────────────────────────────────────────────────────────────────────────────────────────────────────────────────────┼──────┼─────────────┤
│ _next/static/app-prerender-static-params-DvXNdgtR.js                                                                          │ esm  │ 0.17 KiB    │
├───────────────────────────────────────────────────────────────────────────────────────────────────────────────────────────────┼──────┼─────────────┤
│ _next/static/app-route-handler-dispatch-WN3VeJCZ.js                                                                           │ esm  │ 25.57 KiB   │
├───────────────────────────────────────────────────────────────────────────────────────────────────────────────────────────────┼──────┼─────────────┤
│ _next/static/app-segment-config-DDUT0j5O.js                                                                                   │ esm  │ 13.32 KiB   │
├───────────────────────────────────────────────────────────────────────────────────────────────────────────────────────────────┼──────┼─────────────┤
│ _next/static/app-static-generation-CC0DApjP.js                                                                                │ esm  │ 0.89 KiB    │
├───────────────────────────────────────────────────────────────────────────────────────────────────────────────────────────────┼──────┼─────────────┤
│ _next/static/cache-headers-BocKQXGD.js                                                                                        │ esm  │ 38.38 KiB   │
├───────────────────────────────────────────────────────────────────────────────────────────────────────────────────────────────┼──────┼─────────────┤
│ _next/static/catalog-refresh-BTuheASV.js                                                                                      │ esm  │ 1.54 KiB    │
├───────────────────────────────────────────────────────────────────────────────────────────────────────────────────────────────┼──────┼─────────────┤
│ _next/static/catalog-server-DuFoiERC.js                                                                                       │ esm  │ 28.33 KiB   │
├───────────────────────────────────────────────────────────────────────────────────────────────────────────────────────────────┼──────┼─────────────┤
│ _next/static/extract-BZSoZXoo.js                                                                                              │ esm  │ 31.05 KiB   │
├───────────────────────────────────────────────────────────────────────────────────────────────────────────────────────────────┼──────┼─────────────┤
│ _next/static/fetch-B9CeRyZC.js                                                                                                │ esm  │ 22.05 KiB   │
├───────────────────────────────────────────────────────────────────────────────────────────────────────────────────────────────┼──────┼─────────────┤
│ _next/static/framework~index-B9P2dh4z.js                                                                                      │ esm  │ 0.24 KiB    │
├───────────────────────────────────────────────────────────────────────────────────────────────────────────────────────────────┼──────┼─────────────┤
│ _next/static/framework~index~page~page~page~page~page~page~page~page~page~page~layout~page~page~page~pag~gojjbw6q--yoNVldm.js │ esm  │ 55.29 KiB   │
├───────────────────────────────────────────────────────────────────────────────────────────────────────────────────────────────┼──────┼─────────────┤
│ _next/static/framework~index~page~page~page~page~page~page~page~page~page~page~layout~page~page~page~pag~k5hym9t5-4NdjthBq.js │ esm  │ 0.80 KiB    │
├───────────────────────────────────────────────────────────────────────────────────────────────────────────────────────────────┼──────┼─────────────┤
│ _next/static/framework~index~page~page~page~route~route~route~route~route~route~route~route~route~route~~oi7curph-Cxc5myRm.js │ esm  │ 5.37 KiB    │
├───────────────────────────────────────────────────────────────────────────────────────────────────────────────────────────────┼──────┼─────────────┤
│ _next/static/headers-BBgHuOI_.js                                                                                              │ esm  │ 4.85 KiB    │
├───────────────────────────────────────────────────────────────────────────────────────────────────────────────────────────────┼──────┼─────────────┤
│ _next/static/headers-j0QAsRga.js                                                                                              │ esm  │ 10.72 KiB   │
├───────────────────────────────────────────────────────────────────────────────────────────────────────────────────────────────┼──────┼─────────────┤
│ _next/static/implicit-tags-D3uIwPex.js                                                                                        │ esm  │ 1.31 KiB    │
├───────────────────────────────────────────────────────────────────────────────────────────────────────────────────────────────┼──────┼─────────────┤
│ _next/static/isr-cache-cZ1O-bKH.js                                                                                            │ esm  │ 4.81 KiB    │
├───────────────────────────────────────────────────────────────────────────────────────────────────────────────────────────────┼──────┼─────────────┤
│ _next/static/marketplace-CdRM3vbN.js                                                                                          │ esm  │ 0.17 KiB    │
├───────────────────────────────────────────────────────────────────────────────────────────────────────────────────────────────┼──────┼─────────────┤
│ _next/static/navigation-errors-C6U5i-7a.js                                                                                    │ esm  │ 1.22 KiB    │
├───────────────────────────────────────────────────────────────────────────────────────────────────────────────────────────────┼──────┼─────────────┤
│ _next/static/navigation-runtime-BYrvgnlS.js                                                                                   │ esm  │ 0.78 KiB    │
├───────────────────────────────────────────────────────────────────────────────────────────────────────────────────────────────┼──────┼─────────────┤
│ _next/static/navigation.react-server-lFEu62_8.js                                                                              │ esm  │ 0.26 KiB    │
├───────────────────────────────────────────────────────────────────────────────────────────────────────────────────────────────┼──────┼─────────────┤
│ _next/static/page-B7qn0JXn.js                                                                                                 │ esm  │ 0.25 KiB    │
├───────────────────────────────────────────────────────────────────────────────────────────────────────────────────────────────┼──────┼─────────────┤
│ _next/static/page-BMeTi3DG.js                                                                                                 │ esm  │ 0.28 KiB    │
├───────────────────────────────────────────────────────────────────────────────────────────────────────────────────────────────┼──────┼─────────────┤
│ _next/static/page-BoE3fpdc.js                                                                                                 │ esm  │ 0.28 KiB    │
├───────────────────────────────────────────────────────────────────────────────────────────────────────────────────────────────┼──────┼─────────────┤
│ _next/static/page-BvNTD1-G.js                                                                                                 │ esm  │ 0.25 KiB    │
├───────────────────────────────────────────────────────────────────────────────────────────────────────────────────────────────┼──────┼─────────────┤
│ _next/static/page-CBDCvCXF2.js                                                                                                │ esm  │ 0.26 KiB    │
├───────────────────────────────────────────────────────────────────────────────────────────────────────────────────────────────┼──────┼─────────────┤
│ _next/static/page-CL1VEEWm.js                                                                                                 │ esm  │ 0.25 KiB    │
├───────────────────────────────────────────────────────────────────────────────────────────────────────────────────────────────┼──────┼─────────────┤
│ _next/static/page-Cb-iKEXS.js                                                                                                 │ esm  │ 0.25 KiB    │
├───────────────────────────────────────────────────────────────────────────────────────────────────────────────────────────────┼──────┼─────────────┤
│ _next/static/page-CiBI0mkq2.js                                                                                                │ esm  │ 0.25 KiB    │
├───────────────────────────────────────────────────────────────────────────────────────────────────────────────────────────────┼──────┼─────────────┤
│ _next/static/page-DBUjwOgA.js                                                                                                 │ esm  │ 0.25 KiB    │
├───────────────────────────────────────────────────────────────────────────────────────────────────────────────────────────────┼──────┼─────────────┤
│ _next/static/page-DWbQ50st.js                                                                                                 │ esm  │ 0.25 KiB    │
├───────────────────────────────────────────────────────────────────────────────────────────────────────────────────────────────┼──────┼─────────────┤
│ _next/static/page-DY54KnZk.js                                                                                                 │ esm  │ 0.25 KiB    │
├───────────────────────────────────────────────────────────────────────────────────────────────────────────────────────────────┼──────┼─────────────┤
│ _next/static/page-Da9bXOMQ.js                                                                                                 │ esm  │ 0.25 KiB    │
├───────────────────────────────────────────────────────────────────────────────────────────────────────────────────────────────┼──────┼─────────────┤
│ _next/static/page-JBflvjIC.js                                                                                                 │ esm  │ 0.25 KiB    │
├───────────────────────────────────────────────────────────────────────────────────────────────────────────────────────────────┼──────┼─────────────┤
│ _next/static/page-aLi35jt0.js                                                                                                 │ esm  │ 0.25 KiB    │
├───────────────────────────────────────────────────────────────────────────────────────────────────────────────────────────────┼──────┼─────────────┤
│ _next/static/page-mXqjetAG2.js                                                                                                │ esm  │ 0.28 KiB    │
├───────────────────────────────────────────────────────────────────────────────────────────────────────────────────────────────┼──────┼─────────────┤
│ _next/static/page-qGptoBtN.js                                                                                                 │ esm  │ 0.25 KiB    │
├───────────────────────────────────────────────────────────────────────────────────────────────────────────────────────────────┼──────┼─────────────┤
│ _next/static/record-Cz3MrZeO.js                                                                                               │ esm  │ 0.08 KiB    │
├───────────────────────────────────────────────────────────────────────────────────────────────────────────────────────────────┼──────┼─────────────┤
│ _next/static/redirect-digest-C-06pD9r.js                                                                                      │ esm  │ 0.37 KiB    │
├───────────────────────────────────────────────────────────────────────────────────────────────────────────────────────────────┼──────┼─────────────┤
│ _next/static/rolldown-runtime-DUnMT5BP.js                                                                                     │ esm  │ 0.68 KiB    │
├───────────────────────────────────────────────────────────────────────────────────────────────────────────────────────────────┼──────┼─────────────┤
│ _next/static/root-params-CarSBhWB.js                                                                                          │ esm  │ 1.21 KiB    │
├───────────────────────────────────────────────────────────────────────────────────────────────────────────────────────────────┼──────┼─────────────┤
│ _next/static/route-03ArL1gQ.js                                                                                                │ esm  │ 4.49 KiB    │
├───────────────────────────────────────────────────────────────────────────────────────────────────────────────────────────────┼──────┼─────────────┤
│ _next/static/route-0xDbCrQR.js                                                                                                │ esm  │ 1.81 KiB    │
├───────────────────────────────────────────────────────────────────────────────────────────────────────────────────────────────┼──────┼─────────────┤
│ _next/static/route-52zDLDuL.js                                                                                                │ esm  │ 1.29 KiB    │
├───────────────────────────────────────────────────────────────────────────────────────────────────────────────────────────────┼──────┼─────────────┤
│ _next/static/route-83GcMLTt.js                                                                                                │ esm  │ 1.08 KiB    │
├───────────────────────────────────────────────────────────────────────────────────────────────────────────────────────────────┼──────┼─────────────┤
│ _next/static/route-B41E2VO4.js                                                                                                │ esm  │ 3.53 KiB    │
├───────────────────────────────────────────────────────────────────────────────────────────────────────────────────────────────┼──────┼─────────────┤
│ _next/static/route-BQX6giOz.js                                                                                                │ esm  │ 0.34 KiB    │
├───────────────────────────────────────────────────────────────────────────────────────────────────────────────────────────────┼──────┼─────────────┤
│ _next/static/route-BqPsBA1d.js                                                                                                │ esm  │ 3.03 KiB    │
├───────────────────────────────────────────────────────────────────────────────────────────────────────────────────────────────┼──────┼─────────────┤
│ _next/static/route-CZCbD8Mp.js                                                                                                │ esm  │ 1.97 KiB    │
├───────────────────────────────────────────────────────────────────────────────────────────────────────────────────────────────┼──────┼─────────────┤
│ _next/static/route-CnRXKefF.js                                                                                                │ esm  │ 3.65 KiB    │
├───────────────────────────────────────────────────────────────────────────────────────────────────────────────────────────────┼──────┼─────────────┤
│ _next/static/route-DHkdPPok.js                                                                                                │ esm  │ 2.67 KiB    │
├───────────────────────────────────────────────────────────────────────────────────────────────────────────────────────────────┼──────┼─────────────┤
│ _next/static/rsc-WjPPRTK0.js                                                                                                  │ esm  │ 0.76 KiB    │
├───────────────────────────────────────────────────────────────────────────────────────────────────────────────────────────────┼──────┼─────────────┤
│ _next/static/server-DQ4x63aj.js                                                                                               │ esm  │ 113.07 KiB  │
├───────────────────────────────────────────────────────────────────────────────────────────────────────────────────────────────┼──────┼─────────────┤
│ _next/static/stores-B3St_0l8.js                                                                                               │ esm  │ 3.29 KiB    │
├───────────────────────────────────────────────────────────────────────────────────────────────────────────────────────────────┼──────┼─────────────┤
│ _next/static/text-stream-Bbhl9apA.js                                                                                          │ esm  │ 18.99 KiB   │
├───────────────────────────────────────────────────────────────────────────────────────────────────────────────────────────────┼──────┼─────────────┤
│ ssr/__vite_rsc_assets_manifest.js                                                                                             │ esm  │ 3.13 KiB    │
├───────────────────────────────────────────────────────────────────────────────────────────────────────────────────────────────┼──────┼─────────────┤
│ ssr/_next/static/app-nav-failure-handler-DAAWxqCl.js                                                                          │ esm  │ 0.04 KiB    │
├───────────────────────────────────────────────────────────────────────────────────────────────────────────────────────────────┼──────┼─────────────┤
│ ssr/_next/static/app-prefetch-fetch-queue-yyyYaOxo.js                                                                         │ esm  │ 0.06 KiB    │
├───────────────────────────────────────────────────────────────────────────────────────────────────────────────────────────────┼──────┼─────────────┤
│ ssr/_next/static/app-router-scroll-CLsZUpXs.js                                                                                │ esm  │ 2.08 KiB    │
├───────────────────────────────────────────────────────────────────────────────────────────────────────────────────────────────┼──────┼─────────────┤
│ ssr/_next/static/app-router-scroll-state-BIeDxhwz.js                                                                          │ esm  │ 0.51 KiB    │
├───────────────────────────────────────────────────────────────────────────────────────────────────────────────────────────────┼──────┼─────────────┤
│ ssr/_next/static/error-boundary-mZpgaiHN.js                                                                                   │ esm  │ 5.31 KiB    │
├───────────────────────────────────────────────────────────────────────────────────────────────────────────────────────────────┼──────┼─────────────┤
│ ssr/_next/static/layout-segment-context-BnWr95UC.js                                                                           │ esm  │ 0.37 KiB    │
├───────────────────────────────────────────────────────────────────────────────────────────────────────────────────────────────┼──────┼─────────────┤
│ ssr/_next/static/marketplace-BGz6sWO8.js                                                                                      │ esm  │ 524.95 KiB  │
├───────────────────────────────────────────────────────────────────────────────────────────────────────────────────────────────┼──────┼─────────────┤
│ ssr/_next/static/static.edge-CxlUXAyA.js                                                                                      │ esm  │ 0.16 KiB    │
├───────────────────────────────────────────────────────────────────────────────────────────────────────────────────────────────┼──────┼─────────────┤
│ ssr/_next/static/store-esuktEKE.js                                                                                            │ esm  │ 130.71 KiB  │
├───────────────────────────────────────────────────────────────────────────────────────────────────────────────────────────────┼──────┼─────────────┤
│ ssr/_next/static/streamed-icons-BFnVLveU.js                                                                                   │ esm  │ 0.67 KiB    │
├───────────────────────────────────────────────────────────────────────────────────────────────────────────────────────────────┼──────┼─────────────┤
│ ssr/index.js                                                                                                                  │ esm  │ 271.94 KiB  │
├───────────────────────────────────────────────────────────────────────────────────────────────────────────────────────────────┼──────┼─────────────┤
│ ssr/vinext-client-assets.js                                                                                                   │ esm  │ 2.35 KiB    │
├───────────────────────────────────────────────────────────────────────────────────────────────────────────────────────────────┼──────┼─────────────┤
│ vinext-client-assets.js                                                                                                       │ esm  │ 2.35 KiB    │
├───────────────────────────────────────────────────────────────────────────────────────────────────────────────────────────────┼──────┼─────────────┤
│ Total (76 modules)                                                                                                            │      │ 1391.92 KiB │
└───────────────────────────────────────────────────────────────────────────────────────────────────────────────────────────────┴──────┴─────────────┘
⎔ Starting local server...
[wrangler:info] ✨ Parsed 1 valid header rule.
[wrangler:info] Ready on http://127.0.0.1:8787
[wrangler:info] GET / 200 OK (144ms)
[wrangler:info] GET /_next/static/css/index.CricowYf.css 200 OK (17ms)
[wrangler:info] GET /_next/static/chunks/layout-segment-context-D64o0WNq.js 200 OK (24ms)
[wrangler:info] GET /_next/static/chunks/store-BtRMX1Jm.js 200 OK (24ms)
[wrangler:info] GET /_next/static/chunks/rolldown-runtime-C60lm6uB.js 200 OK (30ms)
[wrangler:info] GET /_next/static/chunks/framework-D_rUT4EX.js 200 OK (32ms)
[wrangler:info] GET /_next/static/chunks/navigation-errors-By4dF-Cc.js 200 OK (33ms)
[wrangler:info] GET /_next/static/chunks/marketplace-CGpoYfAU.js 200 OK (29ms)
[wrangler:info] GET /_next/static/chunks/index-DJKOJcWi.js 200 OK (20ms)
[31m✘ [41;31m[[41;97mERROR[41;31m][0m [1mError: D1_ERROR: no such table: market_settings: SQLITE_ERROR[0m

      at D1DatabaseSessionAlwaysPrimary._sendOrThrow (cloudflare-internal:d1-api:139:19)
      at null.<anonymous> (async cloudflare-internal:d1-api:323:39)
      ... 6 lines matching cause stack trace ...
      at async Km (file:///app/dist/server/index.js:14:169157) {
    [cause]: Error: no such table: market_settings: SQLITE_ERROR
        at D1DatabaseSessionAlwaysPrimary._sendOrThrow (cloudflare-internal:d1-api:140:24)
        at null.<anonymous> (async cloudflare-internal:d1-api:323:39)
        at async Q (file:///app/dist/server/_next/static/catalog-server-DuFoiERC.js:1:24661)
        at async Object.k [as handlerFn] (file:///app/dist/server/_next/static/route-B41E2VO4.js:1:934)
        at async Q (file:///app/dist/server/_next/static/app-route-handler-dispatch-WN3VeJCZ.js:1:18345)
        at async ot (file:///app/dist/server/_next/static/app-route-handler-dispatch-WN3VeJCZ.js:1:18631)
        at async Eo.route (file:///app/dist/server/index.js:2:26401)
        at async t (file:///app/dist/server/index.js:2:26610)
        at async Km (file:///app/dist/server/index.js:14:169157)
  }


[wrangler:info] GET /api/catalog 503 Service Unavailable (37ms)
[wrangler:info] GET /api/account 401 Unauthorized (10ms)
[wrangler:info] GET / 200 OK (25ms)
[wrangler:info] GET /_next/static/css/index.CricowYf.css 200 OK (6ms)
[wrangler:info] GET /_next/static/chunks/layout-segment-context-D64o0WNq.js 200 OK (20ms)
[wrangler:info] GET /_next/static/chunks/store-BtRMX1Jm.js 200 OK (21ms)
[wrangler:info] GET /_next/static/chunks/rolldown-runtime-C60lm6uB.js 200 OK (27ms)
[wrangler:info] GET /_next/static/chunks/framework-D_rUT4EX.js 200 OK (28ms)
[wrangler:info] GET /_next/static/chunks/navigation-errors-By4dF-Cc.js 200 OK (28ms)
[wrangler:info] GET /_next/static/chunks/marketplace-CGpoYfAU.js 200 OK (28ms)
[wrangler:info] GET /_next/static/chunks/index-DJKOJcWi.js 200 OK (21ms)
[31m✘ [41;31m[[41;97mERROR[41;31m][0m [1mError: D1_ERROR: no such table: market_settings: SQLITE_ERROR[0m

      at D1DatabaseSessionAlwaysPrimary._sendOrThrow (cloudflare-internal:d1-api:139:19)
      at null.<anonymous> (async cloudflare-internal:d1-api:323:39)
      ... 6 lines matching cause stack trace ...
      at async Km (file:///app/dist/server/index.js:14:169157) {
    [cause]: Error: no such table: market_settings: SQLITE_ERROR
        at D1DatabaseSessionAlwaysPrimary._sendOrThrow (cloudflare-internal:d1-api:140:24)
        at null.<anonymous> (async cloudflare-internal:d1-api:323:39)
        at async Q (file:///app/dist/server/_next/static/catalog-server-DuFoiERC.js:1:24661)
        at async Object.k [as handlerFn] (file:///app/dist/server/_next/static/route-B41E2VO4.js:1:934)
        at async Q (file:///app/dist/server/_next/static/app-route-handler-dispatch-WN3VeJCZ.js:1:18345)
        at async ot (file:///app/dist/server/_next/static/app-route-handler-dispatch-WN3VeJCZ.js:1:18631)
        at async Eo.route (file:///app/dist/server/index.js:2:26401)
        at async t (file:///app/dist/server/index.js:2:26610)
        at async Km (file:///app/dist/server/index.js:14:169157)
  }


[wrangler:info] GET /api/catalog 503 Service Unavailable (10ms)
[wrangler:info] GET /api/account 401 Unauthorized (6ms)
[wrangler:info] GET / 200 OK (26ms)
[wrangler:info] GET /_next/static/css/index.CricowYf.css 200 OK (12ms)
[wrangler:info] GET /_next/static/chunks/layout-segment-context-D64o0WNq.js 200 OK (20ms)
[wrangler:info] GET /_next/static/chunks/store-BtRMX1Jm.js 200 OK (19ms)
[wrangler:info] GET /_next/static/chunks/rolldown-runtime-C60lm6uB.js 200 OK (22ms)
[wrangler:info] GET /_next/static/chunks/framework-D_rUT4EX.js 200 OK (23ms)
[wrangler:info] GET /_next/static/chunks/navigation-errors-By4dF-Cc.js 200 OK (24ms)
[wrangler:info] GET /_next/static/chunks/index-DJKOJcWi.js 200 OK (14ms)
[wrangler:info] GET /_next/static/chunks/marketplace-CGpoYfAU.js 200 OK (33ms)
[31m✘ [41;31m[[41;97mERROR[41;31m][0m [1mError: D1_ERROR: no such table: market_settings: SQLITE_ERROR[0m

      at D1DatabaseSessionAlwaysPrimary._sendOrThrow (cloudflare-internal:d1-api:139:19)
      at null.<anonymous> (async cloudflare-internal:d1-api:323:39)
      ... 6 lines matching cause stack trace ...
      at async Km (file:///app/dist/server/index.js:14:169157) {
    [cause]: Error: no such table: market_settings: SQLITE_ERROR
        at D1DatabaseSessionAlwaysPrimary._sendOrThrow (cloudflare-internal:d1-api:140:24)
        at null.<anonymous> (async cloudflare-internal:d1-api:323:39)
        at async Q (file:///app/dist/server/_next/static/catalog-server-DuFoiERC.js:1:24661)
        at async Object.k [as handlerFn] (file:///app/dist/server/_next/static/route-B41E2VO4.js:1:934)
        at async Q (file:///app/dist/server/_next/static/app-route-handler-dispatch-WN3VeJCZ.js:1:18345)
        at async ot (file:///app/dist/server/_next/static/app-route-handler-dispatch-WN3VeJCZ.js:1:18631)
        at async Eo.route (file:///app/dist/server/index.js:2:26401)
        at async t (file:///app/dist/server/index.js:2:26610)
        at async Km (file:///app/dist/server/index.js:14:169157)
  }


[wrangler:info] GET /api/catalog 503 Service Unavailable (11ms)
[wrangler:info] GET /api/account 401 Unauthorized (9ms)
[wrangler:info] GET /favorites 200 OK (17ms)
[wrangler:info] GET /_next/static/css/index.CricowYf.css 200 OK (11ms)
[wrangler:info] GET /_next/static/chunks/layout-segment-context-D64o0WNq.js 200 OK (19ms)
[wrangler:info] GET /_next/static/chunks/store-BtRMX1Jm.js 200 OK (19ms)
[wrangler:info] GET /_next/static/chunks/rolldown-runtime-C60lm6uB.js 200 OK (23ms)
[wrangler:info] GET /_next/static/chunks/framework-D_rUT4EX.js 200 OK (23ms)
[wrangler:info] GET /_next/static/chunks/navigation-errors-By4dF-Cc.js 200 OK (24ms)
[wrangler:info] GET /_next/static/chunks/index-DJKOJcWi.js 200 OK (10ms)
[wrangler:info] GET /_next/static/chunks/marketplace-CGpoYfAU.js 200 OK (28ms)
[31m✘ [41;31m[[41;97mERROR[41;31m][0m [1mError: D1_ERROR: no such table: market_settings: SQLITE_ERROR[0m

      at D1DatabaseSessionAlwaysPrimary._sendOrThrow (cloudflare-internal:d1-api:139:19)
      at null.<anonymous> (async cloudflare-internal:d1-api:323:39)
      ... 6 lines matching cause stack trace ...
      at async Km (file:///app/dist/server/index.js:14:169157) {
    [cause]: Error: no such table: market_settings: SQLITE_ERROR
        at D1DatabaseSessionAlwaysPrimary._sendOrThrow (cloudflare-internal:d1-api:140:24)
        at null.<anonymous> (async cloudflare-internal:d1-api:323:39)
        at async Q (file:///app/dist/server/_next/static/catalog-server-DuFoiERC.js:1:24661)
        at async Object.k [as handlerFn] (file:///app/dist/server/_next/static/route-B41E2VO4.js:1:934)
        at async Q (file:///app/dist/server/_next/static/app-route-handler-dispatch-WN3VeJCZ.js:1:18345)
        at async ot (file:///app/dist/server/_next/static/app-route-handler-dispatch-WN3VeJCZ.js:1:18631)
        at async Eo.route (file:///app/dist/server/index.js:2:26401)
        at async t (file:///app/dist/server/index.js:2:26610)
        at async Km (file:///app/dist/server/index.js:14:169157)
  }


[wrangler:info] GET /api/catalog 503 Service Unavailable (10ms)
[wrangler:info] GET /api/account 401 Unauthorized (15ms)
[wrangler:info] GET / 200 OK (18ms)
[wrangler:info] GET /_next/static/css/index.CricowYf.css 200 OK (14ms)
[wrangler:info] GET /_next/static/chunks/framework-D_rUT4EX.js 200 OK (12ms)
[wrangler:info] GET /_next/static/chunks/rolldown-runtime-C60lm6uB.js 200 OK (13ms)
[wrangler:info] GET /_next/static/chunks/layout-segment-context-D64o0WNq.js 200 OK (30ms)
[wrangler:info] GET /_next/static/chunks/store-BtRMX1Jm.js 200 OK (32ms)
[wrangler:info] GET /_next/static/chunks/index-DJKOJcWi.js 200 OK (19ms)
[wrangler:info] GET /_next/static/chunks/navigation-errors-By4dF-Cc.js 200 OK (34ms)
[wrangler:info] GET /_next/static/chunks/marketplace-CGpoYfAU.js 200 OK (24ms)
[31m✘ [41;31m[[41;97mERROR[41;31m][0m [1mError: D1_ERROR: no such table: market_settings: SQLITE_ERROR[0m

      at D1DatabaseSessionAlwaysPrimary._sendOrThrow (cloudflare-internal:d1-api:139:19)
      at null.<anonymous> (async cloudflare-internal:d1-api:323:39)
      ... 6 lines matching cause stack trace ...
      at async Km (file:///app/dist/server/index.js:14:169157) {
    [cause]: Error: no such table: market_settings: SQLITE_ERROR
        at D1DatabaseSessionAlwaysPrimary._sendOrThrow (cloudflare-internal:d1-api:140:24)
        at null.<anonymous> (async cloudflare-internal:d1-api:323:39)
        at async Q (file:///app/dist/server/_next/static/catalog-server-DuFoiERC.js:1:24661)
        at async Object.k [as handlerFn] (file:///app/dist/server/_next/static/route-B41E2VO4.js:1:934)
        at async Q (file:///app/dist/server/_next/static/app-route-handler-dispatch-WN3VeJCZ.js:1:18345)
        at async ot (file:///app/dist/server/_next/static/app-route-handler-dispatch-WN3VeJCZ.js:1:18631)
        at async Eo.route (file:///app/dist/server/index.js:2:26401)
        at async t (file:///app/dist/server/index.js:2:26610)
        at async Km (file:///app/dist/server/index.js:14:169157)
  }


[wrangler:info] GET /api/catalog 503 Service Unavailable (15ms)
[wrangler:info] GET /api/account 401 Unauthorized (7ms)
⎔ Reloading local server...
⎔ Local server updated and ready
